\BOOKMARK [1][-]{section.1}{\376\377\225\356\230\230\133\232\116\111}{}% 1
\BOOKMARK [1][-]{section.2}{\376\377\145\271\154\325\140\073\117\123\150\106\147\266}{}% 2
\BOOKMARK [1][-]{section.3}{\376\377\173\046\123\367\133\232\116\111}{}% 3
\BOOKMARK [1][-]{section.4}{\376\377\000B\000I\000C\000\040\153\143\122\031\123\026\117\074\161\066\153\324\225\032\160\271\220\011\142\351}{}% 4
\BOOKMARK [2][-]{subsection.4.1}{\376\377\202\202\160\271\176\337\213\241\221\317\116\016\136\163\145\271\213\357\135\356}{section.4}% 5
\BOOKMARK [2][-]{subsection.4.2}{\376\377\123\237\120\107\213\276\116\016\131\007\142\351\120\107\213\276}{section.4}% 6
\BOOKMARK [2][-]{subsection.4.3}{\376\377\123\125\174\007\152\041\127\213\166\204\147\201\131\047\117\074\161\066}{section.4}% 7
\BOOKMARK [2][-]{subsection.4.4}{\376\377\123\314\174\007\121\161\116\253\145\271\135\356\152\041\127\213\166\204\147\201\131\047\117\074\161\066}{section.4}% 8
\BOOKMARK [2][-]{subsection.4.5}{\376\377\117\074\161\066\153\324\176\337\213\241\221\317\116\016\000\040\000B\000I\000C\000\040\213\301\143\156\150\041\121\306}{section.4}% 9
\BOOKMARK [2][-]{subsection.4.6}{\376\377\120\031\220\011\122\007\122\006\166\204\170\156\133\232\140\047\142\153\143\317}{section.4}% 10
\BOOKMARK [2][-]{subsection.4.7}{\376\377\211\306\126\376\176\247\000\040\000B\000I\000C\000\040\213\301\143\156\116\016\127\372\121\306\211\306\126\376\220\011\142\351}{section.4}% 11
\BOOKMARK [1][-]{section.5}{\376\377\131\032\211\306\126\376\225\032\126\376\133\146\116\140\166\356\150\007}{}% 12
\BOOKMARK [1][-]{section.6}{\376\377\117\030\123\026\123\330\221\317\146\364\145\260\143\250\133\374}{}% 13
\BOOKMARK [2][-]{subsection.6.1}{\376\377\146\364\145\260\211\306\126\376\127\372\167\351\226\065\377\032\147\000\134\017\116\214\116\130\116\016\153\143\116\244\000\040\000P\000r\000o\000c\000r\000u\000s\000t\000e\000s}{section.6}% 14
\BOOKMARK [2][-]{subsection.6.2}{\376\377\146\364\145\260\225\032\126\376\167\351\226\065\377\032\151\202\163\207\123\125\176\257\137\142\142\225\137\161}{section.6}% 15
\BOOKMARK [2][-]{subsection.6.3}{\376\377\151\202\163\207\123\125\176\257\137\142\142\225\137\161\166\204\000\040\000K\000K\000T\000\040\143\250\133\374}{section.6}% 16
\BOOKMARK [1][-]{section.7}{\376\377\215\350\211\306\126\376\225\032\160\271\133\371\237\120}{}% 17
\BOOKMARK [2][-]{subsection.7.1}{\376\377\225\032\160\271\176\323\147\204\126\376\116\016\215\350\211\306\126\376\166\370\117\074\167\351\226\065}{section.7}% 18
\BOOKMARK [2][-]{subsection.7.2}{\376\377\142\225\137\161\126\372\133\232\160\271\123\071\221\115\166\356\150\007}{section.7}% 19
\BOOKMARK [2][-]{subsection.7.3}{\376\377\166\370\117\074\136\246\122\240\147\103\146\040\134\004}{section.7}% 20
\BOOKMARK [1][-]{section.8}{\376\377\173\111\147\103\207\215\124\010\116\016\200\132\174\173}{}% 21
\BOOKMARK [2][-]{subsection.8.1}{\376\377\207\215\124\010\225\032\126\376}{section.8}% 22
\BOOKMARK [2][-]{subsection.8.2}{\376\377\131\107\137\002\124\021\221\317\135\114\121\145\116\016\000\040\000K\000M\000e\000a\000n\000s}{section.8}% 23
\BOOKMARK [1][-]{section.9}{\376\377\133\214\145\164\173\227\154\325}{}% 24
\BOOKMARK [1][-]{section.10}{\376\377\145\066\145\133\140\047\116\016\120\134\153\142\121\306\122\031}{}% 25
\BOOKMARK [1][-]{section.11}{\376\377\131\015\147\102\136\246\122\006\147\220}{}% 26
\BOOKMARK [2][-]{subsection.11.1}{\376\377\000B\000I\000C\000-\000L\000R\000\040\225\032\160\271\220\011\142\351\131\015\147\102\136\246}{section.11}% 27
\BOOKMARK [2][-]{subsection.11.2}{\376\377\211\306\126\376\121\205\225\032\126\376\117\030\123\026\131\015\147\102\136\246}{section.11}% 28
\BOOKMARK [2][-]{subsection.11.3}{\376\377\215\350\211\306\126\376\133\371\237\120\116\016\200\132\174\173\131\015\147\102\136\246}{section.11}% 29
\BOOKMARK [1][-]{section.12}{\376\377\145\271\154\325\162\171\160\271\116\016\217\271\165\114}{}% 30
